[2026-05-05 00:30:21] [INFO] EduSys starting up (Week 9 skeleton).
[2026-05-05 00:30:21] [INFO] EduSys shutdown normally.
[2026-05-05 00:35:08] [INFO] EduSys starting up (Week 9 skeleton).
[2026-05-05 00:35:08] [INFO] EduSys shutdown normally.
[2026-05-05 00:41:10] [INFO] EduSys starting up (Week 9 skeleton).
[2026-05-05 00:41:10] [INFO] EduSys shutdown normally.
[2026-05-05 01:20:59] [INFO] EduSys starting up (Week 10: storage round-trip self-check).
[2026-05-05 01:20:59] [INFO] All repositories empty -> seeding initial sample data.
[2026-05-05 01:20:59] [INFO] Repo state: users=4(first=admin) students=2(first=S001) teachers=1(first=T001) courses=1(first=C001) scores=2(first=S001/C001)
[2026-05-05 01:20:59] [INFO] EduSys shutdown normally.
[2026-05-05 01:21:24] [INFO] EduSys starting up (Week 10: storage round-trip self-check).
[2026-05-05 01:21:24] [INFO] Existing data files detected -> skip seeding.
[2026-05-05 01:21:24] [INFO] Repo state: users=4(first=admin) students=2(first=S001) teachers=1(first=T001) courses=1(first=C001) scores=2(first=S001/C001)
[2026-05-05 01:21:24] [INFO] EduSys shutdown normally.
[2026-05-05 11:05:03] [INFO] EduSys starting up (Week 10: storage round-trip self-check).
[2026-05-05 11:05:03] [INFO] Existing data files detected -> skip seeding.
[2026-05-05 11:05:03] [INFO] Repo state: users=4(first=admin) students=2(first=S001) teachers=1(first=T001) courses=1(first=C001) scores=2(first=S001/C001)
[2026-05-05 11:05:03] [INFO] EduSys shutdown normally.
[2026-05-05 11:05:03] [INFO] EduSys starting up (Week 10: storage round-trip self-check).
[2026-05-05 11:05:03] [INFO] Existing data files detected -> skip seeding.
[2026-05-05 11:05:03] [INFO] Repo state: users=4(first=admin) students=2(first=S001) teachers=1(first=T001) courses=1(first=C001) scores=2(first=S001/C001)
[2026-05-05 11:05:03] [INFO] EduSys shutdown normally.
[2026-05-05 11:17:05] [INFO] EduSys starting up (Week 10: storage round-trip self-check).
[2026-05-05 11:17:05] [INFO] Existing data files detected -> skip seeding.
[2026-05-05 11:17:05] [INFO] Repo state: users=4(first=admin) students=2(first=S001) teachers=1(first=T001) courses=1(first=C001) scores=2(first=S001/C001)
[2026-05-05 11:17:05] [INFO] EduSys shutdown normally.
[2026-05-05 11:17:05] [INFO] EduSys starting up (Week 9 skeleton).
[2026-05-05 11:17:05] [INFO] EduSys shutdown normally.
[2026-05-05 11:17:58] [INFO] EduSys starting up (Week 10: storage round-trip self-check).
[2026-05-05 11:17:58] [INFO] Existing data files detected -> skip seeding.
[2026-05-05 11:17:58] [INFO] Repo state: users=4(first=admin) students=2(first=S001) teachers=1(first=T001) courses=1(first=C001) scores=2(first=S001/C001)
[2026-05-05 11:17:58] [INFO] EduSys shutdown normally.
[2026-05-05 11:18:44] [INFO] EduSys starting up (Week 10: storage round-trip self-check).
[2026-05-05 11:18:44] [INFO] Existing data files detected -> skip seeding.
[2026-05-05 11:18:44] [INFO] Repo state: users=4(first=admin) students=2(first=S001) teachers=1(first=T001) courses=1(first=C001) scores=2(first=S001/C001)
[2026-05-05 11:18:44] [INFO] EduSys shutdown normally.
[2026-05-05 11:18:44] [INFO] EduSys starting up (Week 10: storage round-trip self-check).
[2026-05-05 11:18:44] [INFO] Existing data files detected -> skip seeding.
[2026-05-05 11:18:44] [INFO] Repo state: users=4(first=admin) students=2(first=S001) teachers=1(first=T001) courses=1(first=C001) scores=2(first=S001/C001)
[2026-05-05 11:18:44] [INFO] EduSys shutdown normally.
[2026-05-05 11:59:59] [INFO] EduSys starting up (Week 11: services + self-check).
[2026-05-05 11:59:59] [INFO] All repositories empty -> seeding initial sample data.
[2026-05-05 11:59:59] [INFO] Auth OK: 'admin'
[2026-05-05 11:59:59] [WARN] Auth failed: bad password for 'admin'
[2026-05-05 11:59:59] [INFO] Student created: S003
[2026-05-05 11:59:59] [INFO] Score created: S003/C001/2025-2026-1
[2026-05-05 11:59:59] [INFO] Score updated: S001/C001/2025-2026-1
[2026-05-05 11:59:59] [INFO] Student removed (cascade): id=S002 scores=-1 users=-1
[2026-05-05 11:59:59] [INFO] Week 11 mutation block executed (S003 created, S001 score updated, S002 cascade-deleted).
[2026-05-05 11:59:59] [INFO] Week 11 self-check PASSED.
[2026-05-05 11:59:59] [INFO] Repo state: users=3(first=admin) students=2(first=S001) teachers=1(first=T001) courses=1(first=C001) scores=2(first=S001/C001)
[2026-05-05 11:59:59] [INFO] EduSys shutdown normally.
[2026-05-05 12:00:09] [INFO] EduSys starting up (Week 11: services + self-check).
[2026-05-05 12:00:09] [INFO] Existing data files detected -> skip seeding.
[2026-05-05 12:00:09] [INFO] Auth OK: 'admin'
[2026-05-05 12:00:09] [WARN] Auth failed: bad password for 'admin'
[2026-05-05 12:00:09] [INFO] Week 11 self-check PASSED.
[2026-05-05 12:00:09] [INFO] Repo state: users=3(first=admin) students=2(first=S001) teachers=1(first=T001) courses=1(first=C001) scores=2(first=S001/C001)
[2026-05-05 12:00:09] [INFO] EduSys shutdown normally.
[2026-05-05 13:57:27] [INFO] EduSys starting up (mode=self-test).
[2026-05-05 13:57:27] [INFO] Existing data files detected -> skip seeding.
[2026-05-05 13:57:27] [INFO] Auth OK: 'admin'
[2026-05-05 13:57:27] [WARN] Auth failed: bad password for 'admin'
[2026-05-05 13:57:27] [INFO] Week 11 self-check PASSED.
[2026-05-05 13:57:27] [INFO] EduSys shutdown normally (self-test).
[2026-05-05 13:58:29] [INFO] EduSys starting up (mode=interactive).
[2026-05-05 13:58:29] [INFO] Existing data files detected -> skip seeding.
[2026-05-05 13:58:29] [INFO] Auth OK: 'admin'
[2026-05-05 13:58:29] [INFO] Student created: S004
[2026-05-05 13:58:29] [INFO] Score created: S004/C001/2025-2026-1
[2026-05-05 13:58:29] [INFO] Warning report exported: hits=1 path=data/warning_report.txt
[2026-05-05 13:58:29] [INFO] Auth OK: 't001'
[2026-05-05 13:58:29] [INFO] Auth OK: 's001'
[2026-05-05 13:58:29] [INFO] EduSys shutdown normally (interactive).
[2026-05-05 14:04:25] [INFO] EduSys starting up (mode=self-test).
[2026-05-05 14:04:25] [INFO] Existing data files detected -> skip seeding.
[2026-05-05 14:04:25] [INFO] Auth OK: 'admin'
[2026-05-05 14:04:25] [WARN] Auth failed: bad password for 'admin'
[2026-05-05 14:04:25] [INFO] Week 11 self-check PASSED.
[2026-05-05 14:04:25] [INFO] EduSys shutdown normally (self-test).
[2026-05-05 14:56:47] [INFO] EduSys starting up (mode=self-test).
[2026-05-05 14:56:47] [INFO] Existing data files detected -> skip seeding.
[2026-05-05 14:56:47] [INFO] Auth OK: 'admin'
[2026-05-05 14:56:47] [WARN] Auth failed: bad password for 'admin'
[2026-05-05 14:56:47] [INFO] Week 11 self-check PASSED.
[2026-05-05 14:56:47] [WARN] Auth failed: unknown user 'no_such_user'
[2026-05-05 14:56:47] [WARN] Auth failed: bad password for 'admin'
[2026-05-05 14:56:47] [INFO] Week 13 boundary check PASSED.
[2026-05-05 14:56:47] [INFO] EduSys shutdown normally (self-test).
[2026-05-05 15:09:23] [INFO] EduSys starting up (mode=self-test).
[2026-05-05 15:09:23] [INFO] Existing data files detected -> skip seeding.
[2026-05-05 15:09:23] [INFO] Auth OK: 'admin'
[2026-05-05 15:09:23] [WARN] Auth failed: bad password for 'admin'
[2026-05-05 15:09:23] [ERROR] Fatal: Self-check: score for S003 should exist
[2026-05-05 15:09:24] [INFO] EduSys starting up (mode=self-test).
[2026-05-05 15:09:24] [INFO] Existing data files detected -> skip seeding.
[2026-05-05 15:09:24] [ERROR] Fatal: Bad magic in data/users.dat
[2026-05-05 15:09:24] [INFO] EduSys starting up (mode=self-test).
[2026-05-05 15:09:24] [INFO] Existing data files detected -> skip seeding.
[2026-05-05 15:09:24] [INFO] Auth OK: 'admin'
[2026-05-05 15:09:24] [WARN] Auth failed: bad password for 'admin'
[2026-05-05 15:09:24] [ERROR] Fatal: Unexpected EOF reading: data/scores.dat
[2026-05-05 15:09:24] [INFO] EduSys starting up (mode=self-test).
[2026-05-05 15:09:24] [INFO] Existing data files detected -> skip seeding.
[2026-05-05 15:09:24] [INFO] Auth OK: 'admin'
[2026-05-05 15:09:24] [WARN] Auth failed: bad password for 'admin'
[2026-05-05 15:09:24] [INFO] Week 11 self-check PASSED.
[2026-05-05 15:09:24] [WARN] Auth failed: unknown user 'no_such_user'
[2026-05-05 15:09:24] [WARN] Auth failed: bad password for 'admin'
[2026-05-05 15:09:24] [INFO] Week 13 boundary check PASSED.
[2026-05-05 15:09:24] [INFO] EduSys shutdown normally (self-test).
[2026-05-05 15:19:25] [INFO] EduSys starting up (mode=self-test).
[2026-05-05 15:19:25] [INFO] Existing data files detected -> skip seeding.
[2026-05-05 15:19:25] [INFO] Auth OK: 'admin'
[2026-05-05 15:19:25] [WARN] Auth failed: bad password for 'admin'
[2026-05-05 15:19:25] [INFO] Week 11 self-check PASSED.
[2026-05-05 15:19:25] [WARN] Auth failed: unknown user 'no_such_user'
[2026-05-05 15:19:25] [WARN] Auth failed: bad password for 'admin'
[2026-05-05 15:19:25] [INFO] Week 13 boundary check PASSED.
[2026-05-05 15:19:25] [INFO] EduSys shutdown normally (self-test).
[2026-05-05 15:19:25] [INFO] EduSys starting up (mode=self-test).
[2026-05-05 15:19:25] [INFO] Existing data files detected -> skip seeding.
[2026-05-05 15:19:25] [INFO] Auth OK: 'admin'
[2026-05-05 15:19:25] [WARN] Auth failed: bad password for 'admin'
[2026-05-05 15:19:25] [ERROR] Fatal: Self-check: score for S003 should exist
[2026-05-05 15:19:25] [INFO] EduSys starting up (mode=self-test).
[2026-05-05 15:19:25] [INFO] Existing data files detected -> skip seeding.
[2026-05-05 15:19:25] [ERROR] Fatal: Bad magic in data/users.dat
[2026-05-05 15:19:26] [INFO] EduSys starting up (mode=self-test).
[2026-05-05 15:19:26] [INFO] Existing data files detected -> skip seeding.
[2026-05-05 15:19:26] [INFO] Auth OK: 'admin'
[2026-05-05 15:19:26] [WARN] Auth failed: bad password for 'admin'
[2026-05-05 15:19:26] [ERROR] Fatal: Unexpected EOF reading: data/scores.dat
[2026-05-05 15:19:26] [INFO] EduSys starting up (mode=self-test).
[2026-05-05 15:19:26] [INFO] Existing data files detected -> skip seeding.
[2026-05-05 15:19:26] [INFO] Auth OK: 'admin'
[2026-05-05 15:19:26] [WARN] Auth failed: bad password for 'admin'
[2026-05-05 15:19:26] [INFO] Week 11 self-check PASSED.
[2026-05-05 15:19:26] [WARN] Auth failed: unknown user 'no_such_user'
[2026-05-05 15:19:26] [WARN] Auth failed: bad password for 'admin'
[2026-05-05 15:19:26] [INFO] Week 13 boundary check PASSED.
[2026-05-05 15:19:26] [INFO] EduSys shutdown normally (self-test).
[2026-05-05 15:40:35] [INFO] EduSys starting up (mode=interactive).
[2026-05-05 15:40:35] [INFO] Existing data files detected -> skip seeding.
[2026-05-05 15:40:35] [INFO] Auth OK: 'admin'
[2026-05-05 15:40:35] [INFO] CourseStats CSV exported: courseId=C001 path=data/course_stats_C001.csv
[2026-05-05 15:40:35] [INFO] Ranking CSV exported: courseId=C001 rows=3 path=data/ranking_C001.csv
[2026-05-05 15:40:35] [INFO] EduSys shutdown normally (interactive).
[2026-05-05 15:46:02] [INFO] EduSys starting up (mode=self-test).
[2026-05-05 15:46:02] [INFO] Existing data files detected -> skip seeding.
[2026-05-05 15:46:02] [INFO] Auth OK: 'admin'
[2026-05-05 15:46:02] [WARN] Auth failed: bad password for 'admin'
[2026-05-05 15:46:02] [INFO] Week 11 self-check PASSED.
[2026-05-05 15:46:02] [WARN] Auth failed: unknown user 'no_such_user'
[2026-05-05 15:46:02] [WARN] Auth failed: bad password for 'admin'
[2026-05-05 15:46:02] [INFO] Week 13 boundary check PASSED.
[2026-05-05 15:46:02] [INFO] EduSys shutdown normally (self-test).
[2026-05-05 15:46:14] [INFO] EduSys starting up (mode=self-test).
[2026-05-05 15:46:14] [INFO] Existing data files detected -> skip seeding.
[2026-05-05 15:46:14] [INFO] Auth OK: 'admin'
[2026-05-05 15:46:14] [WARN] Auth failed: bad password for 'admin'
[2026-05-05 15:46:14] [ERROR] Fatal: Self-check: score for S003 should exist
[2026-05-05 15:46:14] [INFO] EduSys starting up (mode=self-test).
[2026-05-05 15:46:14] [INFO] Existing data files detected -> skip seeding.
[2026-05-05 15:46:14] [ERROR] Fatal: Bad magic in data/users.dat
[2026-05-05 15:46:14] [INFO] EduSys starting up (mode=self-test).
[2026-05-05 15:46:14] [INFO] Existing data files detected -> skip seeding.
[2026-05-05 15:46:14] [INFO] Auth OK: 'admin'
[2026-05-05 15:46:14] [WARN] Auth failed: bad password for 'admin'
[2026-05-05 15:46:14] [ERROR] Fatal: Unexpected EOF reading: data/scores.dat
[2026-05-05 15:46:14] [INFO] EduSys starting up (mode=self-test).
[2026-05-05 15:46:14] [INFO] Existing data files detected -> skip seeding.
[2026-05-05 15:46:14] [INFO] Auth OK: 'admin'
[2026-05-05 15:46:14] [WARN] Auth failed: bad password for 'admin'
[2026-05-05 15:46:14] [INFO] Week 11 self-check PASSED.
[2026-05-05 15:46:14] [WARN] Auth failed: unknown user 'no_such_user'
[2026-05-05 15:46:14] [WARN] Auth failed: bad password for 'admin'
[2026-05-05 15:46:14] [INFO] Week 13 boundary check PASSED.
[2026-05-05 15:46:14] [INFO] EduSys shutdown normally (self-test).
[2026-05-05 15:46:28] [INFO] EduSys starting up (mode=interactive).
[2026-05-05 15:46:28] [INFO] Existing data files detected -> skip seeding.
[2026-05-05 15:46:28] [INFO] Auth OK: 'admin'
[2026-05-05 15:46:28] [INFO] CourseStats CSV exported: courseId=C001 path=data/course_stats_C001.csv
[2026-05-05 15:46:28] [INFO] Ranking CSV exported: courseId=C001 rows=3 path=data/ranking_C001.csv
[2026-05-05 15:46:28] [INFO] EduSys shutdown normally (interactive).
[2026-05-05 16:05:20] [INFO] EduSys starting up (mode=self-test).
[2026-05-05 16:05:20] [INFO] Existing data files detected -> skip seeding.
[2026-05-05 16:05:20] [INFO] Auth OK: 'admin'
[2026-05-05 16:05:20] [WARN] Auth failed: bad password for 'admin'
[2026-05-05 16:05:20] [INFO] Week 11 self-check PASSED.
[2026-05-05 16:05:20] [INFO] EduSys shutdown normally (self-test).
[2026-05-05 16:05:21] [INFO] EduSys starting up (mode=self-test).
[2026-05-05 16:05:21] [INFO] Existing data files detected -> skip seeding.
[2026-05-05 16:05:21] [INFO] Auth OK: 'admin'
[2026-05-05 16:05:21] [WARN] Auth failed: bad password for 'admin'
[2026-05-05 16:05:21] [ERROR] Fatal: Self-check: score for S003 should exist
[2026-05-05 16:05:22] [INFO] EduSys starting up (mode=interactive).
[2026-05-05 16:05:22] [INFO] Existing data files detected -> skip seeding.
[2026-05-05 16:05:22] [INFO] Auth OK: 'admin'
[2026-05-05 16:05:22] [INFO] Score updated: S004/C001/2025-2026-1
[2026-05-05 16:05:22] [INFO] Warning report exported: hits=1 path=data/warning_report.txt
[2026-05-05 16:05:22] [INFO] Auth OK: 't001'
[2026-05-05 16:05:22] [INFO] Auth OK: 's001'
[2026-05-05 16:05:22] [INFO] EduSys shutdown normally (interactive).
[2026-05-05 16:05:22] [INFO] EduSys starting up (mode=self-test).
[2026-05-05 16:05:22] [INFO] Existing data files detected -> skip seeding.
[2026-05-05 16:05:22] [ERROR] Fatal: Bad magic in data/users.dat
[2026-05-05 16:05:22] [INFO] EduSys starting up (mode=self-test).
[2026-05-05 16:05:22] [INFO] Existing data files detected -> skip seeding.
[2026-05-05 16:05:22] [INFO] Auth OK: 'admin'
[2026-05-05 16:05:22] [WARN] Auth failed: bad password for 'admin'
[2026-05-05 16:05:22] [ERROR] Fatal: Unexpected EOF reading: data/scores.dat
[2026-05-05 16:05:22] [INFO] EduSys starting up (mode=self-test).
[2026-05-05 16:05:22] [INFO] Existing data files detected -> skip seeding.
[2026-05-05 16:05:22] [INFO] Auth OK: 'admin'
[2026-05-05 16:05:22] [WARN] Auth failed: bad password for 'admin'
[2026-05-05 16:05:22] [INFO] Week 11 self-check PASSED.
[2026-05-05 16:05:22] [WARN] Auth failed: unknown user 'no_such_user'
[2026-05-05 16:05:22] [WARN] Auth failed: bad password for 'admin'
[2026-05-05 16:05:22] [INFO] Week 13 boundary check PASSED.
[2026-05-05 16:05:22] [INFO] EduSys shutdown normally (self-test).
[2026-05-05 16:07:26] [INFO] EduSys starting up (mode=self-test).
[2026-05-05 16:07:26] [INFO] Existing data files detected -> skip seeding.
[2026-05-05 16:07:26] [INFO] Auth OK: 'admin'
[2026-05-05 16:07:26] [WARN] Auth failed: bad password for 'admin'
[2026-05-05 16:07:26] [INFO] Week 11 self-check PASSED.
[2026-05-05 16:07:26] [WARN] Auth failed: unknown user 'no_such_user'
[2026-05-05 16:07:26] [WARN] Auth failed: bad password for 'admin'
[2026-05-05 16:07:26] [INFO] Week 13 boundary check PASSED.
[2026-05-05 16:07:26] [INFO] EduSys shutdown normally (self-test).
[2026-05-05 16:07:31] [INFO] EduSys starting up (mode=self-test).
[2026-05-05 16:07:31] [INFO] Existing data files detected -> skip seeding.
[2026-05-05 16:07:31] [INFO] Auth OK: 'admin'
[2026-05-05 16:07:31] [WARN] Auth failed: bad password for 'admin'
[2026-05-05 16:07:31] [INFO] Week 11 self-check PASSED.
[2026-05-05 16:07:31] [WARN] Auth failed: unknown user 'no_such_user'
[2026-05-05 16:07:31] [WARN] Auth failed: bad password for 'admin'
[2026-05-05 16:07:31] [INFO] Week 13 boundary check PASSED.
[2026-05-05 16:07:31] [INFO] EduSys shutdown normally (self-test).
[2026-05-05 17:16:56] [INFO] EduSys starting up (mode=self-test).
[2026-05-05 17:16:56] [INFO] Existing data files detected -> skip seeding.
[2026-05-05 17:16:56] [INFO] Auth OK: 'admin'
[2026-05-05 17:16:56] [WARN] Auth failed: bad password for 'admin'
[2026-05-05 17:16:56] [ERROR] Fatal: Self-check: score for S003 should exist
[2026-05-05 17:16:57] [INFO] EduSys starting up (mode=self-test).
[2026-05-05 17:16:57] [INFO] Existing data files detected -> skip seeding.
[2026-05-05 17:16:57] [ERROR] Fatal: Bad magic in data/users.dat
[2026-05-05 17:16:57] [INFO] EduSys starting up (mode=self-test).
[2026-05-05 17:16:57] [INFO] Existing data files detected -> skip seeding.
[2026-05-05 17:16:57] [INFO] Auth OK: 'admin'
[2026-05-05 17:16:57] [WARN] Auth failed: bad password for 'admin'
[2026-05-05 17:16:57] [ERROR] Fatal: Unexpected EOF reading: data/scores.dat
[2026-05-05 17:16:57] [INFO] EduSys starting up (mode=self-test).
[2026-05-05 17:16:57] [INFO] Existing data files detected -> skip seeding.
[2026-05-05 17:16:57] [INFO] Auth OK: 'admin'
[2026-05-05 17:16:57] [WARN] Auth failed: bad password for 'admin'
[2026-05-05 17:16:57] [INFO] Week 11 self-check PASSED.
[2026-05-05 17:16:57] [WARN] Auth failed: unknown user 'no_such_user'
[2026-05-05 17:16:57] [WARN] Auth failed: bad password for 'admin'
[2026-05-05 17:16:57] [INFO] Week 13 boundary check PASSED.
[2026-05-05 17:16:57] [INFO] EduSys shutdown normally (self-test).
[2026-05-05 18:27:43] [INFO] EduSys starting up (mode=interactive).
[2026-05-05 18:27:43] [INFO] Existing data files detected -> skip seeding.
[2026-05-05 18:28:17] [INFO] Auth OK: 's001'
[2026-05-06 22:03:22] [INFO] EduSys starting up (mode=self-test).
[2026-05-06 22:03:22] [INFO] Existing data files detected -> skip seeding.
[2026-05-06 22:03:22] [INFO] Auth OK: 'admin'
[2026-05-06 22:03:22] [WARN] Auth failed: bad password for 'admin'
[2026-05-06 22:03:22] [INFO] Week 11 self-check PASSED.
[2026-05-06 22:03:22] [WARN] Auth failed: unknown user 'no_such_user'
[2026-05-06 22:03:22] [WARN] Auth failed: bad password for 'admin'
[2026-05-06 22:03:22] [INFO] Week 13 boundary check PASSED.
[2026-05-06 22:03:22] [INFO] EduSys shutdown normally (self-test).
[2026-05-06 22:05:21] [INFO] EduSys starting up (mode=self-test).
[2026-05-06 22:05:21] [INFO] Existing data files detected -> skip seeding.
[2026-05-06 22:05:21] [INFO] Auth OK: 'admin'
[2026-05-06 22:05:21] [WARN] Auth failed: bad password for 'admin'
[2026-05-06 22:05:21] [ERROR] Fatal: Self-check: score for S003 should exist
[2026-05-06 22:05:22] [INFO] EduSys starting up (mode=self-test).
[2026-05-06 22:05:22] [INFO] Existing data files detected -> skip seeding.
[2026-05-06 22:05:22] [ERROR] Fatal: Bad magic in data/users.dat
[2026-05-06 22:05:22] [INFO] EduSys starting up (mode=self-test).
[2026-05-06 22:05:22] [INFO] Existing data files detected -> skip seeding.
[2026-05-06 22:05:22] [INFO] Auth OK: 'admin'
[2026-05-06 22:05:22] [WARN] Auth failed: bad password for 'admin'
[2026-05-06 22:05:22] [ERROR] Fatal: Unexpected EOF reading: data/scores.dat
[2026-05-06 22:05:22] [INFO] EduSys starting up (mode=self-test).
[2026-05-06 22:05:22] [INFO] Existing data files detected -> skip seeding.
[2026-05-06 22:05:22] [INFO] Auth OK: 'admin'
[2026-05-06 22:05:22] [WARN] Auth failed: bad password for 'admin'
[2026-05-06 22:05:22] [INFO] Week 11 self-check PASSED.
[2026-05-06 22:05:22] [WARN] Auth failed: unknown user 'no_such_user'
[2026-05-06 22:05:22] [WARN] Auth failed: bad password for 'admin'
[2026-05-06 22:05:22] [INFO] Week 13 boundary check PASSED.
[2026-05-06 22:05:22] [INFO] EduSys shutdown normally (self-test).
[2026-05-07 17:24:51] [INFO] EduSys starting up (mode=self-test).
[2026-05-07 17:24:51] [INFO] Existing data files detected -> skip seeding.
[2026-05-07 17:24:51] [INFO] Auth OK: 'admin'
[2026-05-07 17:24:51] [WARN] Auth failed: bad password for 'admin'
[2026-05-07 17:24:51] [INFO] Week 11 self-check PASSED.
[2026-05-07 17:24:51] [WARN] Auth failed: unknown user 'no_such_user'
[2026-05-07 17:24:51] [WARN] Auth failed: bad password for 'admin'
[2026-05-07 17:24:51] [INFO] Week 13 boundary check PASSED.
[2026-05-07 17:24:51] [INFO] EduSys shutdown normally (self-test).
[2026-05-07 17:24:58] [INFO] EduSys GUI starting up.
[2026-05-07 17:24:58] [INFO] Existing data files detected -> skip seeding.
[2026-05-07 17:25:23] [INFO] EduSys GUI shutdown normally (login cancelled).
[2026-05-08 00:00:37] [INFO] EduSys starting up (mode=self-test).
[2026-05-08 00:00:37] [INFO] Existing data files detected -> skip seeding.
[2026-05-08 00:00:37] [INFO] Auth OK: 'admin'
[2026-05-08 00:00:37] [WARN] Auth failed: bad password for 'admin'
[2026-05-08 00:00:37] [ERROR] Fatal: Self-check: score for S003 should exist
[2026-05-08 00:00:38] [INFO] EduSys starting up (mode=self-test).
[2026-05-08 00:00:38] [INFO] Existing data files detected -> skip seeding.
[2026-05-08 00:00:38] [ERROR] Fatal: Bad magic in data/users.dat
[2026-05-08 00:00:38] [INFO] EduSys starting up (mode=self-test).
[2026-05-08 00:00:38] [INFO] Existing data files detected -> skip seeding.
[2026-05-08 00:00:38] [INFO] Auth OK: 'admin'
[2026-05-08 00:00:38] [WARN] Auth failed: bad password for 'admin'
[2026-05-08 00:00:38] [ERROR] Fatal: Unexpected EOF reading: data/scores.dat
[2026-05-08 00:00:38] [INFO] EduSys starting up (mode=self-test).
[2026-05-08 00:00:38] [INFO] Existing data files detected -> skip seeding.
[2026-05-08 00:00:38] [INFO] Auth OK: 'admin'
[2026-05-08 00:00:38] [WARN] Auth failed: bad password for 'admin'
[2026-05-08 00:00:38] [INFO] Week 11 self-check PASSED.
[2026-05-08 00:00:38] [WARN] Auth failed: unknown user 'no_such_user'
[2026-05-08 00:00:38] [WARN] Auth failed: bad password for 'admin'
[2026-05-08 00:00:38] [INFO] Week 13 boundary check PASSED.
[2026-05-08 00:00:38] [INFO] EduSys shutdown normally (self-test).
[2026-05-08 00:00:52] [INFO] EduSys starting up (mode=self-test).
[2026-05-08 00:00:52] [INFO] Existing data files detected -> skip seeding.
[2026-05-08 00:00:52] [INFO] Auth OK: 'admin'
[2026-05-08 00:00:52] [WARN] Auth failed: bad password for 'admin'
[2026-05-08 00:00:52] [INFO] Week 11 self-check PASSED.
[2026-05-08 00:00:52] [WARN] Auth failed: unknown user 'no_such_user'
[2026-05-08 00:00:52] [WARN] Auth failed: bad password for 'admin'
[2026-05-08 00:00:52] [INFO] Week 13 boundary check PASSED.
[2026-05-08 00:00:52] [INFO] EduSys shutdown normally (self-test).
[2026-05-10 11:00:56] [INFO] EduSys starting up (mode=self-test).
[2026-05-10 11:00:56] [INFO] Existing data files detected -> skip seeding.
[2026-05-10 11:00:56] [INFO] Auth OK: 'admin'
[2026-05-10 11:00:56] [WARN] Auth failed: bad password for 'admin'
[2026-05-10 11:00:56] [ERROR] Fatal: Self-check: score for S003 should exist
[2026-05-10 11:00:56] [INFO] EduSys starting up (mode=self-test).
[2026-05-10 11:00:56] [INFO] Existing data files detected -> skip seeding.
[2026-05-10 11:00:56] [ERROR] Fatal: Bad magic in data/users.dat
[2026-05-10 11:00:57] [INFO] EduSys starting up (mode=self-test).
[2026-05-10 11:00:57] [INFO] Existing data files detected -> skip seeding.
[2026-05-10 11:00:57] [INFO] Auth OK: 'admin'
[2026-05-10 11:00:57] [WARN] Auth failed: bad password for 'admin'
[2026-05-10 11:00:57] [ERROR] Fatal: Unexpected EOF reading: data/scores.dat
[2026-05-10 11:00:57] [INFO] EduSys starting up (mode=self-test).
[2026-05-10 11:00:57] [INFO] Existing data files detected -> skip seeding.
[2026-05-10 11:00:57] [INFO] Auth OK: 'admin'
[2026-05-10 11:00:57] [WARN] Auth failed: bad password for 'admin'
[2026-05-10 11:00:57] [INFO] Week 11 self-check PASSED.
[2026-05-10 11:00:57] [WARN] Auth failed: unknown user 'no_such_user'
[2026-05-10 11:00:57] [WARN] Auth failed: bad password for 'admin'
[2026-05-10 11:00:57] [INFO] Week 13 boundary check PASSED.
[2026-05-10 11:00:57] [INFO] EduSys shutdown normally (self-test).
[2026-05-10 11:33:24] [INFO] EduSys starting up (mode=self-test).
[2026-05-10 11:33:24] [INFO] Existing data files detected -> skip seeding.
[2026-05-10 11:33:24] [INFO] Auth OK: 'admin'
[2026-05-10 11:33:24] [WARN] Auth failed: bad password for 'admin'
[2026-05-10 11:33:24] [INFO] Week 11 self-check PASSED.
[2026-05-10 11:33:24] [WARN] Auth failed: unknown user 'no_such_user'
[2026-05-10 11:33:24] [WARN] Auth failed: bad password for 'admin'
[2026-05-10 11:33:24] [INFO] Week 13 boundary check PASSED.
[2026-05-10 11:33:24] [INFO] EduSys shutdown normally (self-test).
[2026-05-10 11:34:14] [INFO] EduSys starting up (mode=self-test).
[2026-05-10 11:34:14] [INFO] Existing data files detected -> skip seeding.
[2026-05-10 11:34:14] [INFO] Auth OK: 'admin'
[2026-05-10 11:34:14] [WARN] Auth failed: bad password for 'admin'
[2026-05-10 11:34:14] [ERROR] Fatal: Self-check: score for S003 should exist
[2026-05-10 11:34:15] [INFO] EduSys starting up (mode=self-test).
[2026-05-10 11:34:15] [INFO] Existing data files detected -> skip seeding.
[2026-05-10 11:34:15] [ERROR] Fatal: Bad magic in data/users.dat
[2026-05-10 11:34:15] [INFO] EduSys starting up (mode=self-test).
[2026-05-10 11:34:15] [INFO] Existing data files detected -> skip seeding.
[2026-05-10 11:34:15] [INFO] Auth OK: 'admin'
[2026-05-10 11:34:15] [WARN] Auth failed: bad password for 'admin'
[2026-05-10 11:34:15] [ERROR] Fatal: Unexpected EOF reading: data/scores.dat
[2026-05-10 11:34:15] [INFO] EduSys starting up (mode=self-test).
[2026-05-10 11:34:15] [INFO] Existing data files detected -> skip seeding.
[2026-05-10 11:34:15] [INFO] Auth OK: 'admin'
[2026-05-10 11:34:15] [WARN] Auth failed: bad password for 'admin'
[2026-05-10 11:34:15] [INFO] Week 11 self-check PASSED.
[2026-05-10 11:34:15] [WARN] Auth failed: unknown user 'no_such_user'
[2026-05-10 11:34:15] [WARN] Auth failed: bad password for 'admin'
[2026-05-10 11:34:15] [INFO] Week 13 boundary check PASSED.
[2026-05-10 11:34:15] [INFO] EduSys shutdown normally (self-test).
[2026-06-05 16:01:14] [INFO] EduSys starting up (mode=self-test).
[2026-06-05 16:01:14] [INFO] Existing data files detected -> skip seeding.
[2026-06-05 16:01:14] [INFO] Auth OK: 'admin'
[2026-06-05 16:01:14] [WARN] Auth failed: bad password for 'admin'
[2026-06-05 16:01:14] [INFO] Week 11 self-check PASSED.
[2026-06-05 16:01:14] [WARN] Auth failed: unknown user 'no_such_user'
[2026-06-05 16:01:14] [WARN] Auth failed: bad password for 'admin'
[2026-06-05 16:01:14] [INFO] Week 13 boundary check PASSED.
[2026-06-05 16:01:14] [INFO] EduSys shutdown normally (self-test).
[2026-06-05 16:01:14] [INFO] EduSys starting up (mode=self-test).
[2026-06-05 16:01:14] [INFO] Existing data files detected -> skip seeding.
[2026-06-05 16:01:14] [INFO] Auth OK: 'admin'
[2026-06-05 16:01:14] [WARN] Auth failed: bad password for 'admin'
[2026-06-05 16:01:14] [ERROR] Fatal: Self-check: score for S003 should exist
[2026-06-05 16:01:15] [INFO] EduSys starting up (mode=self-test).
[2026-06-05 16:01:15] [INFO] Existing data files detected -> skip seeding.
[2026-06-05 16:01:15] [ERROR] Fatal: Bad magic in data/users.dat
[2026-06-05 16:01:15] [INFO] EduSys starting up (mode=self-test).
[2026-06-05 16:01:15] [INFO] Existing data files detected -> skip seeding.
[2026-06-05 16:01:15] [INFO] Auth OK: 'admin'
[2026-06-05 16:01:15] [WARN] Auth failed: bad password for 'admin'
[2026-06-05 16:01:15] [ERROR] Fatal: Unexpected EOF reading: data/scores.dat
[2026-06-05 16:01:15] [INFO] EduSys starting up (mode=self-test).
[2026-06-05 16:01:15] [INFO] Existing data files detected -> skip seeding.
[2026-06-05 16:01:15] [INFO] Auth OK: 'admin'
[2026-06-05 16:01:15] [WARN] Auth failed: bad password for 'admin'
[2026-06-05 16:01:15] [INFO] Week 11 self-check PASSED.
[2026-06-05 16:01:15] [WARN] Auth failed: unknown user 'no_such_user'
[2026-06-05 16:01:15] [WARN] Auth failed: bad password for 'admin'
[2026-06-05 16:01:15] [INFO] Week 13 boundary check PASSED.
[2026-06-05 16:01:15] [INFO] EduSys shutdown normally (self-test).
[2026-06-05 16:02:05] [INFO] EduSys starting up (mode=interactive).
[2026-06-05 16:02:05] [INFO] Existing data files detected -> skip seeding.
[2026-06-05 16:02:05] [INFO] EduSys starting up (mode=interactive).
[2026-06-05 16:02:05] [INFO] Existing data files detected -> skip seeding.
[2026-06-05 16:02:06] [INFO] Auth OK: 'admin'
[2026-06-05 16:02:06] [INFO] EduSys starting up (mode=interactive).
[2026-06-05 16:02:06] [INFO] Existing data files detected -> skip seeding.
[2026-06-05 16:02:06] [INFO] Warning report exported: hits=1 path=data/warning_report.txt
[2026-06-05 16:02:06] [INFO] CourseStats CSV exported: courseId=C001 path=data/course_stats_C001.csv
[2026-06-05 16:02:06] [INFO] Ranking CSV exported: courseId=C001 rows=3 path=data/ranking_C001.csv
[2026-06-05 16:02:06] [INFO] EduSys shutdown normally (interactive).
[2026-06-05 16:02:06] [INFO] Auth OK: 't001'
[2026-06-05 16:02:06] [INFO] EduSys shutdown normally (interactive).
[2026-06-05 16:02:06] [INFO] Auth OK: 's001'
[2026-06-05 16:02:06] [INFO] EduSys shutdown normally (interactive).
[2026-06-05 17:21:35] [INFO] EduSys starting up (mode=interactive).
[2026-06-05 17:21:35] [INFO] Existing data files detected -> skip seeding.
[2026-06-05 17:21:35] [INFO] Auth OK: 'admin'
[2026-06-05 17:21:35] [INFO] Student created: S900
[2026-06-05 17:21:35] [INFO] Student updated: S900
[2026-06-05 17:21:35] [INFO] Course created: C900
[2026-06-05 17:21:35] [INFO] Course updated: C900
[2026-06-05 17:21:35] [INFO] Score created: S900/C900/2025-2026-1
[2026-06-05 17:21:35] [INFO] Score updated: S900/C900/2025-2026-1
[2026-06-05 17:21:35] [INFO] Score removed: S900/C900/2025-2026-1
[2026-06-05 17:21:35] [INFO] Score created: S900/C900/2025-2026-1
[2026-06-05 17:21:35] [INFO] Warning report exported: hits=1 path=data/warning_report.txt
[2026-06-05 17:21:35] [INFO] CourseStats CSV exported: courseId=C900 path=data/course_stats_C900.csv
[2026-06-05 17:21:35] [INFO] Ranking CSV exported: courseId=C900 rows=1 path=data/ranking_C900.csv
[2026-06-05 17:21:35] [INFO] Auth OK: 't001'
[2026-06-05 17:21:35] [INFO] Score updated: S900/C900/2025-2026-1
[2026-06-05 17:21:35] [INFO] Score removed: S900/C900/2025-2026-1
[2026-06-05 17:21:35] [INFO] Score created: S900/C900/2025-2026-1
[2026-06-05 17:21:35] [INFO] Auth OK: 's001'
[2026-06-05 17:21:35] [INFO] Auth OK: 'admin'
[2026-06-05 17:21:35] [INFO] Course removed (cascade): id=C900 scores=-1
[2026-06-05 17:21:35] [INFO] Student removed (cascade): id=S900 scores=-0 users=-0
[2026-06-05 17:21:35] [INFO] EduSys shutdown normally (interactive).
[2026-06-08 10:52:37] [INFO] EduSys starting up (mode=interactive).
[2026-06-08 10:52:37] [INFO] Existing data files detected -> skip seeding.
[2026-06-08 10:54:36] [INFO] Auth OK: 'admin'
[2026-06-08 11:10:22] [WARN] Auth failed: unknown user ' '
[2026-06-08 11:10:24] [INFO] EduSys shutdown normally (interactive).
[2026-06-08 11:15:44] [INFO] EduSys starting up (mode=self-test).
[2026-06-08 11:15:44] [INFO] Existing data files detected -> skip seeding.
[2026-06-08 11:15:44] [INFO] Auth OK: 'admin'
[2026-06-08 11:15:44] [WARN] Auth failed: bad password for 'admin'
[2026-06-08 11:15:44] [INFO] Week 11 self-check PASSED.
[2026-06-08 11:15:44] [WARN] Auth failed: unknown user 'no_such_user'
[2026-06-08 11:15:44] [WARN] Auth failed: bad password for 'admin'
[2026-06-08 11:15:44] [INFO] Week 13 boundary check PASSED.
[2026-06-08 11:15:44] [INFO] EduSys shutdown normally (self-test).
[2026-06-08 11:15:59] [INFO] EduSys starting up (mode=interactive).
[2026-06-08 11:15:59] [INFO] Existing data files detected -> skip seeding.
[2026-06-08 11:16:23] [INFO] Auth OK: 'admin'
[2026-06-08 11:19:44] [WARN] Auth failed: unknown user '0'
[2026-06-08 11:19:46] [WARN] Auth failed: unknown user ' '
[2026-06-08 11:19:48] [INFO] EduSys shutdown normally (interactive).
[2026-06-08 11:50:36] [INFO] EduSys GUI starting up.
[2026-06-08 11:50:36] [INFO] Existing data files detected -> skip seeding.
[2026-06-08 11:51:14] [INFO] Auth OK: 'admin'
[2026-06-08 11:51:48] [INFO] EduSys GUI shutdown normally (login cancelled).
[2026-06-08 11:51:48] [INFO] EduSys GUI shutdown normally.
[2026-06-08 11:57:03] [INFO] EduSys starting up (mode=interactive).
[2026-06-08 11:57:03] [INFO] Existing data files detected -> skip seeding.
[2026-06-08 11:57:24] [INFO] Auth OK: 'admin'
[2026-06-08 17:23:13] [INFO] EduSys starting up (mode=self-test).
[2026-06-08 17:23:13] [INFO] Existing data files detected -> demo catalog enriched with missing records.
[2026-06-08 17:23:13] [INFO] Auth OK: 'admin'
[2026-06-08 17:23:13] [WARN] Auth failed: bad password for 'admin'
[2026-06-08 17:23:13] [INFO] Week 11 self-check PASSED.
[2026-06-08 17:23:13] [WARN] Auth failed: unknown user 'no_such_user'
[2026-06-08 17:23:13] [WARN] Auth failed: bad password for 'admin'
[2026-06-08 17:23:13] [INFO] Week 13 boundary check PASSED.
[2026-06-08 17:23:13] [INFO] EduSys shutdown normally (self-test).
[2026-06-08 17:24:05] [INFO] EduSys starting up (mode=interactive).
[2026-06-08 17:24:05] [INFO] Existing data files detected -> demo catalog already complete.
[2026-06-08 17:24:05] [INFO] Auth OK: 'admin'
[2026-06-08 17:24:05] [INFO] EduSys shutdown normally (interactive).
[2026-06-08 17:26:53] [INFO] EduSys starting up (mode=self-test).
[2026-06-08 17:26:53] [INFO] Existing data files detected -> demo catalog already complete.
[2026-06-08 17:26:53] [INFO] Auth OK: 'admin'
[2026-06-08 17:26:53] [WARN] Auth failed: bad password for 'admin'
[2026-06-08 17:26:53] [INFO] Week 11 self-check PASSED.
[2026-06-08 17:26:53] [WARN] Auth failed: unknown user 'no_such_user'
[2026-06-08 17:26:53] [WARN] Auth failed: bad password for 'admin'
[2026-06-08 17:26:53] [INFO] Week 13 boundary check PASSED.
[2026-06-08 17:26:53] [INFO] EduSys shutdown normally (self-test).
[2026-06-08 17:35:13] [INFO] EduSys starting up (mode=self-test).
[2026-06-08 17:35:13] [INFO] Existing data files detected -> demo catalog enriched with missing records.
[2026-06-08 17:35:13] [INFO] Auth OK: 'admin'
[2026-06-08 17:35:13] [WARN] Auth failed: bad password for 'admin'
[2026-06-08 17:35:13] [INFO] Week 11 self-check PASSED.
[2026-06-08 17:35:13] [WARN] Auth failed: unknown user 'no_such_user'
[2026-06-08 17:35:13] [WARN] Auth failed: bad password for 'admin'
[2026-06-08 17:35:13] [INFO] Week 13 boundary check PASSED.
[2026-06-08 17:35:13] [INFO] EduSys shutdown normally (self-test).
[2026-06-08 17:35:44] [INFO] EduSys starting up (mode=interactive).
[2026-06-08 17:35:44] [INFO] Existing data files detected -> demo catalog already complete.
[2026-06-08 17:35:44] [INFO] Auth OK: 'admin'
[2026-06-08 17:35:44] [INFO] EduSys shutdown normally (interactive).
[2026-06-08 17:36:09] [INFO] EduSys starting up (mode=interactive).
[2026-06-08 17:36:09] [INFO] Existing data files detected -> demo catalog already complete.
[2026-06-08 17:36:09] [INFO] Auth OK: 'admin'
[2026-06-08 17:36:09] [INFO] EduSys shutdown normally (interactive).
[2026-06-08 17:38:00] [INFO] EduSys starting up (mode=self-test).
[2026-06-08 17:38:00] [INFO] Existing data files detected -> demo catalog enriched with missing records.
[2026-06-08 17:38:00] [INFO] Auth OK: 'admin'
[2026-06-08 17:38:00] [WARN] Auth failed: bad password for 'admin'
[2026-06-08 17:38:00] [INFO] Week 11 self-check PASSED.
[2026-06-08 17:38:00] [WARN] Auth failed: unknown user 'no_such_user'
[2026-06-08 17:38:00] [WARN] Auth failed: bad password for 'admin'
[2026-06-08 17:38:00] [INFO] Week 13 boundary check PASSED.
[2026-06-08 17:38:00] [INFO] EduSys shutdown normally (self-test).
[2026-06-08 17:43:34] [INFO] EduSys starting up (mode=self-test).
[2026-06-08 17:43:34] [INFO] Existing data files detected -> demo catalog already complete.
[2026-06-08 17:43:34] [INFO] Auth OK: 'admin'
[2026-06-08 17:43:34] [WARN] Auth failed: bad password for 'admin'
[2026-06-08 17:43:34] [INFO] Week 11 self-check PASSED.
[2026-06-08 17:43:34] [WARN] Auth failed: unknown user 'no_such_user'
[2026-06-08 17:43:34] [WARN] Auth failed: bad password for 'admin'
[2026-06-08 17:43:34] [INFO] Week 13 boundary check PASSED.
[2026-06-08 17:43:34] [INFO] EduSys shutdown normally (self-test).
[2026-06-08 17:43:34] [INFO] EduSys starting up (mode=self-test).
[2026-06-08 17:43:34] [INFO] Existing data files detected -> demo catalog already complete.
[2026-06-08 17:43:34] [INFO] Auth OK: 'admin'
[2026-06-08 17:43:34] [WARN] Auth failed: bad password for 'admin'
[2026-06-08 17:43:34] [INFO] Week 11 self-check PASSED.
[2026-06-08 17:43:34] [WARN] Auth failed: unknown user 'no_such_user'
[2026-06-08 17:43:34] [WARN] Auth failed: bad password for 'admin'
[2026-06-08 17:43:34] [INFO] Week 13 boundary check PASSED.
[2026-06-08 17:43:34] [INFO] EduSys shutdown normally (self-test).
[2026-06-08 17:44:03] [INFO] EduSys starting up (mode=interactive).
[2026-06-08 17:44:03] [INFO] Existing data files detected -> demo catalog already complete.
[2026-06-08 17:44:03] [INFO] Auth OK: 'admin'
[2026-06-08 17:44:03] [INFO] EduSys shutdown normally (interactive).
[2026-06-08 17:44:19] [INFO] EduSys starting up (mode=interactive).
[2026-06-08 17:44:19] [INFO] Existing data files detected -> demo catalog already complete.
[2026-06-08 17:44:19] [INFO] EduSys starting up (mode=interactive).
[2026-06-08 17:44:19] [INFO] Existing data files detected -> demo catalog already complete.
[2026-06-08 17:44:19] [INFO] Auth OK: 'admin'
[2026-06-08 17:44:19] [INFO] EduSys shutdown normally (interactive).
[2026-06-08 17:44:19] [INFO] EduSys starting up (mode=interactive).
[2026-06-08 17:44:19] [INFO] Auth OK: 't006'
[2026-06-08 17:44:19] [INFO] EduSys shutdown normally (interactive).
[2026-06-08 17:44:19] [INFO] Existing data files detected -> demo catalog already complete.
[2026-06-08 17:44:19] [INFO] Auth OK: 's101'
[2026-06-08 17:44:19] [INFO] EduSys shutdown normally (interactive).
[2026-06-08 17:44:48] [INFO] EduSys starting up (mode=self-test).
[2026-06-08 17:44:48] [INFO] Existing data files detected -> demo catalog enriched with missing records.
[2026-06-08 17:44:48] [INFO] Auth OK: 'admin'
[2026-06-08 17:44:48] [WARN] Auth failed: bad password for 'admin'
[2026-06-08 17:44:48] [INFO] Week 11 self-check PASSED.
[2026-06-08 17:44:48] [WARN] Auth failed: unknown user 'no_such_user'
[2026-06-08 17:44:48] [WARN] Auth failed: bad password for 'admin'
[2026-06-08 17:44:48] [INFO] Week 13 boundary check PASSED.
[2026-06-08 17:44:48] [INFO] EduSys shutdown normally (self-test).
[2026-06-08 17:44:48] [INFO] EduSys starting up (mode=self-test).
[2026-06-08 17:44:48] [ERROR] Fatal: Bad magic in data/users.dat
[2026-06-08 17:44:48] [INFO] EduSys starting up (mode=self-test).
[2026-06-08 17:44:48] [INFO] Existing data files detected -> demo catalog enriched with missing records.
[2026-06-08 17:44:48] [INFO] Auth OK: 'admin'
[2026-06-08 17:44:48] [WARN] Auth failed: bad password for 'admin'
[2026-06-08 17:44:48] [INFO] Week 11 self-check PASSED.
[2026-06-08 17:44:48] [WARN] Auth failed: unknown user 'no_such_user'
[2026-06-08 17:44:48] [WARN] Auth failed: bad password for 'admin'
[2026-06-08 17:44:48] [INFO] Week 13 boundary check PASSED.
[2026-06-08 17:44:48] [INFO] EduSys shutdown normally (self-test).
[2026-06-08 17:44:48] [INFO] EduSys starting up (mode=self-test).
[2026-06-08 17:44:48] [INFO] Existing data files detected -> demo catalog already complete.
[2026-06-08 17:44:48] [INFO] Auth OK: 'admin'
[2026-06-08 17:44:48] [WARN] Auth failed: bad password for 'admin'
[2026-06-08 17:44:48] [INFO] Week 11 self-check PASSED.
[2026-06-08 17:44:48] [WARN] Auth failed: unknown user 'no_such_user'
[2026-06-08 17:44:48] [WARN] Auth failed: bad password for 'admin'
[2026-06-08 17:44:48] [INFO] Week 13 boundary check PASSED.
[2026-06-08 17:44:48] [INFO] EduSys shutdown normally (self-test).
[2026-06-08 17:47:03] [INFO] EduSys starting up (mode=self-test).
[2026-06-08 17:47:03] [INFO] Existing data files detected -> strict load, demo enrichment skipped.
[2026-06-08 17:47:03] [INFO] Auth OK: 'admin'
[2026-06-08 17:47:03] [WARN] Auth failed: bad password for 'admin'
[2026-06-08 17:47:03] [INFO] Week 11 self-check PASSED.
[2026-06-08 17:47:03] [WARN] Auth failed: unknown user 'no_such_user'
[2026-06-08 17:47:03] [WARN] Auth failed: bad password for 'admin'
[2026-06-08 17:47:03] [INFO] EduSys starting up (mode=self-test).
[2026-06-08 17:47:03] [INFO] Existing data files detected -> strict load, demo enrichment skipped.
[2026-06-08 17:47:03] [INFO] Auth OK: 'admin'
[2026-06-08 17:47:03] [WARN] Auth failed: bad password for 'admin'
[2026-06-08 17:47:03] [INFO] Week 11 self-check PASSED.
[2026-06-08 17:47:03] [WARN] Auth failed: unknown user 'no_such_user'
[2026-06-08 17:47:03] [WARN] Auth failed: bad password for 'admin'
[2026-06-08 17:47:03] [INFO] Week 13 boundary check PASSED.
[2026-06-08 17:47:03] [INFO] EduSys shutdown normally (self-test).
[2026-06-08 17:47:03] [INFO] Week 13 boundary check PASSED.
[2026-06-08 17:47:03] [INFO] EduSys shutdown normally (self-test).
[2026-06-08 17:47:03] [INFO] EduSys starting up (mode=self-test).
[2026-06-08 17:47:03] [INFO] Existing data files detected -> strict load, demo enrichment skipped.
[2026-06-08 17:47:03] [INFO] Auth OK: 'admin'
[2026-06-08 17:47:03] [WARN] Auth failed: bad password for 'admin'
[2026-06-08 17:47:03] [ERROR] Fatal: Self-check: score for S003 should exist
[2026-06-08 17:47:03] [INFO] EduSys starting up (mode=self-test).
[2026-06-08 17:47:03] [INFO] Existing data files detected -> strict load, demo enrichment skipped.
[2026-06-08 17:47:03] [ERROR] Fatal: Bad magic in data/users.dat
[2026-06-08 17:47:03] [INFO] EduSys starting up (mode=self-test).
[2026-06-08 17:47:03] [INFO] Existing data files detected -> strict load, demo enrichment skipped.
[2026-06-08 17:47:03] [INFO] Auth OK: 'admin'
[2026-06-08 17:47:03] [WARN] Auth failed: bad password for 'admin'
[2026-06-08 17:47:03] [INFO] Week 11 self-check PASSED.
[2026-06-08 17:47:03] [WARN] Auth failed: unknown user 'no_such_user'
[2026-06-08 17:47:03] [WARN] Auth failed: bad password for 'admin'
[2026-06-08 17:47:04] [INFO] Week 13 boundary check PASSED.
[2026-06-08 17:47:04] [INFO] EduSys shutdown normally (self-test).
[2026-06-08 17:47:04] [INFO] EduSys starting up (mode=self-test).
[2026-06-08 17:47:04] [INFO] Existing data files detected -> strict load, demo enrichment skipped.
[2026-06-08 17:47:04] [INFO] Auth OK: 'admin'
[2026-06-08 17:47:04] [WARN] Auth failed: bad password for 'admin'
[2026-06-08 17:47:04] [INFO] Week 11 self-check PASSED.
[2026-06-08 17:47:04] [WARN] Auth failed: unknown user 'no_such_user'
[2026-06-08 17:47:04] [WARN] Auth failed: bad password for 'admin'
[2026-06-08 17:47:04] [INFO] Week 13 boundary check PASSED.
[2026-06-08 17:47:04] [INFO] EduSys shutdown normally (self-test).
[2026-06-08 17:47:52] [INFO] EduSys starting up (mode=self-test).
[2026-06-08 17:47:52] [INFO] Existing data files detected -> strict load, demo enrichment skipped.
[2026-06-08 17:47:52] [INFO] Auth OK: 'admin'
[2026-06-08 17:47:52] [WARN] Auth failed: bad password for 'admin'
[2026-06-08 17:47:52] [ERROR] Fatal: Self-check: score for S003 should exist
[2026-06-08 17:47:52] [INFO] EduSys starting up (mode=self-test).
[2026-06-08 17:47:52] [INFO] Existing data files detected -> strict load, demo enrichment skipped.
[2026-06-08 17:47:52] [ERROR] Fatal: Bad magic in data/users.dat
[2026-06-08 17:47:52] [INFO] EduSys starting up (mode=self-test).
[2026-06-08 17:47:52] [INFO] Existing data files detected -> strict load, demo enrichment skipped.
[2026-06-08 17:47:52] [INFO] Auth OK: 'admin'
[2026-06-08 17:47:52] [WARN] Auth failed: bad password for 'admin'
[2026-06-08 17:47:52] [ERROR] Fatal: Unexpected EOF reading: data/scores.dat
[2026-06-08 17:47:52] [INFO] EduSys starting up (mode=self-test).
[2026-06-08 17:47:52] [INFO] Existing data files detected -> strict load, demo enrichment skipped.
[2026-06-08 17:47:52] [INFO] Auth OK: 'admin'
[2026-06-08 17:47:52] [WARN] Auth failed: bad password for 'admin'
[2026-06-08 17:47:52] [INFO] Week 11 self-check PASSED.
[2026-06-08 17:47:52] [WARN] Auth failed: unknown user 'no_such_user'
[2026-06-08 17:47:52] [WARN] Auth failed: bad password for 'admin'
[2026-06-08 17:47:52] [INFO] Week 13 boundary check PASSED.
[2026-06-08 17:47:52] [INFO] EduSys shutdown normally (self-test).
[2026-06-08 17:48:08] [INFO] EduSys starting up (mode=interactive).
[2026-06-08 17:48:08] [INFO] Existing data files detected -> demo catalog already complete.
[2026-06-08 17:48:08] [INFO] EduSys starting up (mode=interactive).
[2026-06-08 17:48:08] [INFO] Existing data files detected -> demo catalog already complete.
[2026-06-08 17:48:08] [INFO] Auth OK: 'admin'
[2026-06-08 17:48:08] [INFO] EduSys shutdown normally (interactive).
[2026-06-08 17:48:08] [INFO] Auth OK: 'admin'
[2026-06-08 17:48:08] [INFO] EduSys shutdown normally (interactive).
[2026-06-08 18:11:40] [INFO] EduSys starting up (mode=self-test).
[2026-06-08 18:11:40] [INFO] Existing data files detected -> loading persisted data without demo refill.
[2026-06-08 18:11:40] [INFO] Auth OK: 'admin'
[2026-06-08 18:11:40] [WARN] Auth failed: bad password for 'admin'
[2026-06-08 18:11:40] [INFO] Week 11 self-check PASSED.
[2026-06-08 18:11:40] [WARN] Auth failed: unknown user 'no_such_user'
[2026-06-08 18:11:40] [WARN] Auth failed: bad password for 'admin'
[2026-06-08 18:11:40] [INFO] Week 13 boundary check PASSED.
[2026-06-08 18:11:40] [INFO] EduSys shutdown normally (self-test).
[2026-06-08 18:11:41] [INFO] EduSys starting up (mode=self-test).
[2026-06-08 18:11:41] [INFO] Existing data files detected -> loading persisted data without demo refill.
[2026-06-08 18:11:41] [INFO] Auth OK: 'admin'
[2026-06-08 18:11:41] [WARN] Auth failed: bad password for 'admin'
[2026-06-08 18:11:41] [INFO] Week 11 self-check PASSED.
[2026-06-08 18:11:41] [WARN] Auth failed: unknown user 'no_such_user'
[2026-06-08 18:11:41] [WARN] Auth failed: bad password for 'admin'
[2026-06-08 18:11:41] [INFO] Week 13 boundary check PASSED.
[2026-06-08 18:11:41] [INFO] EduSys shutdown normally (self-test).
[2026-06-08 18:11:41] [INFO] EduSys starting up (mode=self-test).
[2026-06-08 18:11:41] [INFO] Existing data files detected -> loading persisted data without demo refill.
[2026-06-08 18:11:41] [INFO] Auth OK: 'admin'
[2026-06-08 18:11:41] [WARN] Auth failed: bad password for 'admin'
[2026-06-08 18:11:41] [ERROR] Fatal: Self-check: score for S003 should exist
[2026-06-08 18:11:41] [INFO] EduSys starting up (mode=self-test).
[2026-06-08 18:11:41] [INFO] Existing data files detected -> loading persisted data without demo refill.
[2026-06-08 18:11:41] [ERROR] Fatal: Bad magic in data/users.dat
[2026-06-08 18:11:41] [INFO] EduSys starting up (mode=self-test).
[2026-06-08 18:11:41] [INFO] Existing data files detected -> loading persisted data without demo refill.
[2026-06-08 18:11:41] [INFO] Auth OK: 'admin'
[2026-06-08 18:11:41] [WARN] Auth failed: bad password for 'admin'
[2026-06-08 18:11:41] [ERROR] Fatal: Unexpected EOF reading: data/scores.dat
[2026-06-08 18:11:41] [INFO] EduSys starting up (mode=self-test).
[2026-06-08 18:11:41] [INFO] Existing data files detected -> loading persisted data without demo refill.
[2026-06-08 18:11:41] [INFO] Auth OK: 'admin'
[2026-06-08 18:11:41] [WARN] Auth failed: bad password for 'admin'
[2026-06-08 18:11:41] [INFO] Week 11 self-check PASSED.
[2026-06-08 18:11:41] [WARN] Auth failed: unknown user 'no_such_user'
[2026-06-08 18:11:41] [WARN] Auth failed: bad password for 'admin'
[2026-06-08 18:11:41] [INFO] Week 13 boundary check PASSED.
[2026-06-08 18:11:41] [INFO] EduSys shutdown normally (self-test).
[2026-06-08 18:16:01] [INFO] EduSys starting up (mode=interactive).
[2026-06-08 18:16:01] [INFO] Existing data files detected -> loading persisted data without demo refill.
[2026-06-08 18:16:01] [INFO] Auth OK: 'admin'
[2026-06-08 18:16:01] [INFO] EduSys shutdown normally (interactive).
[2026-06-08 19:12:55] [INFO] EduSys starting up (mode=self-test).
[2026-06-08 19:12:55] [INFO] Existing data files detected -> loading persisted data without demo refill.
[2026-06-08 19:12:55] [INFO] Auth OK: 'admin'
[2026-06-08 19:12:55] [WARN] Auth failed: bad password for 'admin'
[2026-06-08 19:12:55] [INFO] Week 11 self-check PASSED.
[2026-06-08 19:12:55] [WARN] Auth failed: unknown user 'no_such_user'
[2026-06-08 19:12:55] [WARN] Auth failed: bad password for 'admin'
[2026-06-08 19:12:55] [INFO] EduSys starting up (mode=self-test).
[2026-06-08 19:12:55] [INFO] Existing data files detected -> loading persisted data without demo refill.
[2026-06-08 19:12:55] [INFO] Auth OK: 'admin'
[2026-06-08 19:12:55] [INFO] Week 13 boundary check PASSED.
[2026-06-08 19:12:55] [WARN] Auth failed: bad password for 'admin'
[2026-06-08 19:12:55] [INFO] EduSys shutdown normally (self-test).
[2026-06-08 19:12:55] [INFO] Week 11 self-check PASSED.
[2026-06-08 19:12:55] [WARN] Auth failed: unknown user 'no_such_user'
[2026-06-08 19:12:55] [WARN] Auth failed: bad password for 'admin'
[2026-06-08 19:12:55] [INFO] Week 13 boundary check PASSED.
[2026-06-08 19:12:55] [INFO] EduSys shutdown normally (self-test).
[2026-06-08 19:12:56] [INFO] EduSys starting up (mode=self-test).
[2026-06-08 19:12:56] [INFO] Existing data files detected -> loading persisted data without demo refill.
[2026-06-08 19:12:56] [INFO] Auth OK: 'admin'
[2026-06-08 19:12:56] [WARN] Auth failed: bad password for 'admin'
[2026-06-08 19:12:56] [ERROR] Fatal: Self-check: score for S003 should exist
[2026-06-08 19:12:56] [INFO] EduSys starting up (mode=self-test).
[2026-06-08 19:12:56] [INFO] Existing data files detected -> loading persisted data without demo refill.
[2026-06-08 19:12:56] [ERROR] Fatal: Bad magic in data/users.dat
[2026-06-08 19:12:56] [INFO] EduSys starting up (mode=self-test).
[2026-06-08 19:12:56] [INFO] Existing data files detected -> loading persisted data without demo refill.
[2026-06-08 19:12:56] [INFO] Auth OK: 'admin'
[2026-06-08 19:12:56] [WARN] Auth failed: bad password for 'admin'
[2026-06-08 19:12:56] [ERROR] Fatal: Unexpected EOF reading: data/scores.dat
[2026-06-08 19:12:56] [INFO] EduSys starting up (mode=self-test).
[2026-06-08 19:12:56] [INFO] Existing data files detected -> loading persisted data without demo refill.
[2026-06-08 19:12:56] [INFO] Auth OK: 'admin'
[2026-06-08 19:12:56] [WARN] Auth failed: bad password for 'admin'
[2026-06-08 19:12:56] [INFO] Week 11 self-check PASSED.
[2026-06-08 19:12:56] [WARN] Auth failed: unknown user 'no_such_user'
[2026-06-08 19:12:56] [WARN] Auth failed: bad password for 'admin'
[2026-06-08 19:12:56] [INFO] Week 13 boundary check PASSED.
[2026-06-08 19:12:56] [INFO] EduSys shutdown normally (self-test).
[2026-06-08 19:16:23] [INFO] EduSys starting up (mode=self-test).
[2026-06-08 19:16:23] [INFO] Existing data files detected -> loading persisted data without demo refill.
[2026-06-08 19:16:23] [INFO] Auth OK: 'admin'
[2026-06-08 19:16:23] [WARN] Auth failed: bad password for 'admin'
[2026-06-08 19:16:23] [INFO] Week 11 self-check PASSED.
[2026-06-08 19:16:23] [WARN] Auth failed: unknown user 'no_such_user'
[2026-06-08 19:16:23] [WARN] Auth failed: bad password for 'admin'
[2026-06-08 19:16:23] [INFO] Week 13 boundary check PASSED.
[2026-06-08 19:16:23] [INFO] EduSys shutdown normally (self-test).
[2026-06-08 19:16:23] [INFO] EduSys starting up (mode=self-test).
[2026-06-08 19:16:23] [INFO] Existing data files detected -> loading persisted data without demo refill.
[2026-06-08 19:16:23] [INFO] Auth OK: 'admin'
[2026-06-08 19:16:23] [WARN] Auth failed: bad password for 'admin'
[2026-06-08 19:16:23] [INFO] Week 11 self-check PASSED.
[2026-06-08 19:16:23] [WARN] Auth failed: unknown user 'no_such_user'
[2026-06-08 19:16:23] [WARN] Auth failed: bad password for 'admin'
[2026-06-08 19:16:23] [INFO] Week 13 boundary check PASSED.
[2026-06-08 19:16:23] [INFO] EduSys shutdown normally (self-test).
[2026-06-08 19:16:23] [INFO] EduSys starting up (mode=self-test).
[2026-06-08 19:16:23] [INFO] Existing data files detected -> loading persisted data without demo refill.
[2026-06-08 19:16:23] [INFO] Auth OK: 'admin'
[2026-06-08 19:16:23] [WARN] Auth failed: bad password for 'admin'
[2026-06-08 19:16:23] [ERROR] Fatal: Self-check: score for S003 should exist
[2026-06-08 19:16:24] [INFO] EduSys starting up (mode=self-test).
[2026-06-08 19:16:24] [INFO] Existing data files detected -> loading persisted data without demo refill.
[2026-06-08 19:16:24] [ERROR] Fatal: Bad magic in data/users.dat
[2026-06-08 19:16:24] [INFO] EduSys starting up (mode=self-test).
[2026-06-08 19:16:24] [INFO] Existing data files detected -> loading persisted data without demo refill.
[2026-06-08 19:16:24] [INFO] Auth OK: 'admin'
[2026-06-08 19:16:24] [WARN] Auth failed: bad password for 'admin'
[2026-06-08 19:16:24] [ERROR] Fatal: Unexpected EOF reading: data/scores.dat
[2026-06-08 19:16:24] [INFO] EduSys starting up (mode=self-test).
[2026-06-08 19:16:24] [INFO] Existing data files detected -> loading persisted data without demo refill.
[2026-06-08 19:16:24] [INFO] Auth OK: 'admin'
[2026-06-08 19:16:24] [WARN] Auth failed: bad password for 'admin'
[2026-06-08 19:16:24] [INFO] Week 11 self-check PASSED.
[2026-06-08 19:16:24] [WARN] Auth failed: unknown user 'no_such_user'
[2026-06-08 19:16:24] [WARN] Auth failed: bad password for 'admin'
[2026-06-08 19:16:24] [INFO] Week 13 boundary check PASSED.
[2026-06-08 19:16:24] [INFO] EduSys shutdown normally (self-test).
[2026-06-08 20:34:56] [INFO] EduSys starting up (mode=self-test).
[2026-06-08 20:34:56] [INFO] Existing data files detected -> loading persisted data without demo refill.
[2026-06-08 20:34:56] [INFO] Auth OK: 'admin'
[2026-06-08 20:34:56] [WARN] Auth failed: bad password for 'admin'
[2026-06-08 20:34:56] [INFO] Week 11 self-check PASSED.
[2026-06-08 20:34:56] [WARN] Auth failed: unknown user 'no_such_user'
[2026-06-08 20:34:56] [WARN] Auth failed: bad password for 'admin'
[2026-06-08 20:34:56] [INFO] Week 13 boundary check PASSED.
[2026-06-08 20:34:56] [INFO] EduSys shutdown normally (self-test).
[2026-06-08 20:35:07] [INFO] EduSys GUI starting up.
[2026-06-08 20:35:07] [INFO] Existing data files detected -> loading persisted data without demo refill.
[2026-06-08 20:36:22] [INFO] EduSys GUI starting up.
[2026-06-08 20:36:22] [INFO] Existing data files detected -> loading persisted data without demo refill.
[2026-06-08 20:49:54] [INFO] EduSys starting up (mode=interactive).
[2026-06-08 20:49:54] [INFO] Existing data files detected -> loading persisted data without demo refill.
[2026-06-08 20:49:54] [INFO] EduSys starting up (mode=self-test).
[2026-06-08 20:49:54] [INFO] Existing data files detected -> loading persisted data without demo refill.
[2026-06-08 20:49:54] [INFO] Auth OK: 'admin'
[2026-06-08 20:49:54] [WARN] Auth failed: bad password for 'admin'
[2026-06-08 20:49:54] [INFO] Week 11 self-check PASSED.
[2026-06-08 20:49:54] [WARN] Auth failed: unknown user 'no_such_user'
[2026-06-08 20:49:54] [WARN] Auth failed: bad password for 'admin'
[2026-06-08 20:49:54] [INFO] Week 13 boundary check PASSED.
[2026-06-08 20:49:54] [INFO] EduSys shutdown normally (self-test).
[2026-06-08 20:49:54] [INFO] Auth OK: 's001'
[2026-06-08 20:49:54] [INFO] EduSys shutdown normally (interactive).
[2026-06-08 20:50:05] [INFO] EduSys starting up (mode=self-test).
[2026-06-08 20:50:05] [INFO] Existing data files detected -> loading persisted data without demo refill.
[2026-06-08 20:50:05] [INFO] Auth OK: 'admin'
[2026-06-08 20:50:05] [WARN] Auth failed: bad password for 'admin'
[2026-06-08 20:50:05] [ERROR] Fatal: Self-check: score for S003 should exist
[2026-06-08 20:50:05] [INFO] EduSys starting up (mode=self-test).
[2026-06-08 20:50:05] [INFO] Existing data files detected -> loading persisted data without demo refill.
[2026-06-08 20:50:05] [ERROR] Fatal: Bad magic in data/users.dat
[2026-06-08 20:50:06] [INFO] EduSys starting up (mode=self-test).
[2026-06-08 20:50:06] [INFO] Existing data files detected -> loading persisted data without demo refill.
[2026-06-08 20:50:06] [INFO] Auth OK: 'admin'
[2026-06-08 20:50:06] [WARN] Auth failed: bad password for 'admin'
[2026-06-08 20:50:06] [ERROR] Fatal: Unexpected EOF reading: data/scores.dat
[2026-06-08 20:50:06] [INFO] EduSys starting up (mode=self-test).
[2026-06-08 20:50:06] [INFO] Existing data files detected -> loading persisted data without demo refill.
[2026-06-08 20:50:06] [INFO] Auth OK: 'admin'
[2026-06-08 20:50:06] [WARN] Auth failed: bad password for 'admin'
[2026-06-08 20:50:06] [INFO] Week 11 self-check PASSED.
[2026-06-08 20:50:06] [WARN] Auth failed: unknown user 'no_such_user'
[2026-06-08 20:50:06] [WARN] Auth failed: bad password for 'admin'
[2026-06-08 20:50:06] [INFO] Week 13 boundary check PASSED.
[2026-06-08 20:50:06] [INFO] EduSys shutdown normally (self-test).
[2026-06-08 21:49:07] [INFO] EduSys starting up (mode=interactive).
[2026-06-08 21:49:07] [INFO] Existing data files detected -> loading persisted data without demo refill.
[2026-06-08 21:49:07] [INFO] Auth OK: 's001'
[2026-06-08 21:49:07] [INFO] EduSys shutdown normally (interactive).
[2026-06-08 21:49:23] [INFO] EduSys starting up (mode=self-test).
[2026-06-08 21:49:23] [INFO] Existing data files detected -> loading persisted data without demo refill.
[2026-06-08 21:49:23] [INFO] Auth OK: 'admin'
[2026-06-08 21:49:23] [WARN] Auth failed: bad password for 'admin'
[2026-06-08 21:49:23] [INFO] Week 11 self-check PASSED.
[2026-06-08 21:49:23] [WARN] Auth failed: unknown user 'no_such_user'
[2026-06-08 21:49:23] [WARN] Auth failed: bad password for 'admin'
[2026-06-08 21:49:23] [INFO] Week 13 boundary check PASSED.
[2026-06-08 21:49:23] [INFO] EduSys shutdown normally (self-test).
[2026-06-08 21:49:23] [INFO] EduSys starting up (mode=self-test).
[2026-06-08 21:49:23] [INFO] Existing data files detected -> loading persisted data without demo refill.
[2026-06-08 21:49:23] [INFO] Auth OK: 'admin'
[2026-06-08 21:49:23] [WARN] Auth failed: bad password for 'admin'
[2026-06-08 21:49:23] [INFO] Week 11 self-check PASSED.
[2026-06-08 21:49:23] [WARN] Auth failed: unknown user 'no_such_user'
[2026-06-08 21:49:23] [WARN] Auth failed: bad password for 'admin'
[2026-06-08 21:49:23] [INFO] Week 13 boundary check PASSED.
[2026-06-08 21:49:23] [INFO] EduSys shutdown normally (self-test).
[2026-06-08 21:49:23] [INFO] EduSys starting up (mode=self-test).
[2026-06-08 21:49:23] [INFO] Existing data files detected -> loading persisted data without demo refill.
[2026-06-08 21:49:23] [INFO] Auth OK: 'admin'
[2026-06-08 21:49:23] [WARN] Auth failed: bad password for 'admin'
[2026-06-08 21:49:23] [ERROR] Fatal: Self-check: score for S003 should exist
[2026-06-08 21:49:23] [INFO] EduSys starting up (mode=self-test).
[2026-06-08 21:49:23] [INFO] Existing data files detected -> loading persisted data without demo refill.
[2026-06-08 21:49:23] [ERROR] Fatal: Bad magic in data/users.dat
[2026-06-08 21:49:24] [INFO] EduSys starting up (mode=self-test).
[2026-06-08 21:49:24] [INFO] Existing data files detected -> loading persisted data without demo refill.
[2026-06-08 21:49:24] [INFO] Auth OK: 'admin'
[2026-06-08 21:49:24] [WARN] Auth failed: bad password for 'admin'
[2026-06-08 21:49:24] [ERROR] Fatal: Unexpected EOF reading: data/scores.dat
[2026-06-08 21:49:24] [INFO] EduSys starting up (mode=self-test).
[2026-06-08 21:49:24] [INFO] Existing data files detected -> loading persisted data without demo refill.
[2026-06-08 21:49:24] [INFO] Auth OK: 'admin'
[2026-06-08 21:49:24] [WARN] Auth failed: bad password for 'admin'
[2026-06-08 21:49:24] [INFO] Week 11 self-check PASSED.
[2026-06-08 21:49:24] [WARN] Auth failed: unknown user 'no_such_user'
[2026-06-08 21:49:24] [WARN] Auth failed: bad password for 'admin'
[2026-06-08 21:49:24] [INFO] Week 13 boundary check PASSED.
[2026-06-08 21:49:24] [INFO] EduSys shutdown normally (self-test).
[2026-06-09 15:30:49] [INFO] EduSys starting up (mode=self-test).
[2026-06-09 15:30:49] [INFO] Existing data files detected -> loading persisted data without demo refill.
[2026-06-09 15:30:49] [INFO] Auth OK: 'admin'
[2026-06-09 15:30:49] [WARN] Auth failed: bad password for 'admin'
[2026-06-09 15:30:49] [INFO] Week 11 self-check PASSED.
[2026-06-09 15:30:49] [WARN] Auth failed: unknown user 'no_such_user'
[2026-06-09 15:30:49] [WARN] Auth failed: bad password for 'admin'
[2026-06-09 15:30:49] [INFO] Week 13 boundary check PASSED.
[2026-06-09 15:30:49] [INFO] EduSys shutdown normally (self-test).
[2026-06-09 15:48:21] [INFO] EduSys starting up (mode=self-test).
[2026-06-09 15:48:21] [INFO] Existing data files detected -> loading persisted data without demo refill.
[2026-06-09 15:48:21] [INFO] Auth OK: 'admin'
[2026-06-09 15:48:21] [WARN] Auth failed: bad password for 'admin'
[2026-06-09 15:48:21] [INFO] Week 11 self-check PASSED.
[2026-06-09 15:48:21] [WARN] Auth failed: unknown user 'no_such_user'
[2026-06-09 15:48:21] [WARN] Auth failed: bad password for 'admin'
[2026-06-09 15:48:21] [INFO] Week 13 boundary check PASSED.
[2026-06-09 15:48:21] [INFO] EduSys shutdown normally (self-test).
[2026-06-09 15:49:24] [INFO] Existing data files detected -> loading persisted data without demo refill.
[2026-06-09 15:49:51] [INFO] Existing data files detected -> loading persisted data without demo refill.
[2026-06-09 15:54:17] [INFO] EduSys starting up (mode=self-test).
[2026-06-09 15:54:17] [INFO] Existing data files detected -> loading persisted data without demo refill.
[2026-06-09 15:54:17] [INFO] Auth OK: 'admin'
[2026-06-09 15:54:17] [WARN] Auth failed: bad password for 'admin'
[2026-06-09 15:54:17] [INFO] Week 11 self-check PASSED.
[2026-06-09 15:54:17] [WARN] Auth failed: unknown user 'no_such_user'
[2026-06-09 15:54:17] [WARN] Auth failed: bad password for 'admin'
[2026-06-09 15:54:17] [INFO] Week 13 boundary check PASSED.
[2026-06-09 15:54:17] [INFO] EduSys shutdown normally (self-test).
[2026-06-09 16:11:17] [INFO] EduSys starting up (mode=self-test).
[2026-06-09 16:11:17] [INFO] Existing data files detected -> loading persisted data without demo refill.
[2026-06-09 16:11:17] [INFO] Auth OK: 'admin'
[2026-06-09 16:11:17] [WARN] Auth failed: bad password for 'admin'
[2026-06-09 16:11:17] [INFO] Week 11 self-check PASSED.
[2026-06-09 16:11:17] [WARN] Auth failed: unknown user 'no_such_user'
[2026-06-09 16:11:17] [WARN] Auth failed: bad password for 'admin'
[2026-06-09 16:11:17] [INFO] Week 13 boundary check PASSED.
[2026-06-09 16:11:17] [INFO] EduSys shutdown normally (self-test).
[2026-06-09 16:23:28] [INFO] EduSys starting up (mode=self-test).
[2026-06-09 16:23:28] [INFO] Existing data files detected -> loading persisted data without demo refill.
[2026-06-09 16:23:28] [INFO] Auth OK: 'admin'
[2026-06-09 16:23:28] [WARN] Auth failed: bad password for 'admin'
[2026-06-09 16:23:28] [INFO] Week 11 self-check PASSED.
[2026-06-09 16:23:28] [WARN] Auth failed: unknown user 'no_such_user'
[2026-06-09 16:23:28] [WARN] Auth failed: bad password for 'admin'
[2026-06-09 16:23:28] [INFO] Week 13 boundary check PASSED.
[2026-06-09 16:23:28] [INFO] EduSys shutdown normally (self-test).
[2026-06-09 16:29:19] [INFO] EduSys starting up (mode=self-test).
[2026-06-09 16:29:19] [INFO] Existing data files detected -> loading persisted data without demo refill.
[2026-06-09 16:29:19] [INFO] Auth OK: 'admin'
[2026-06-09 16:29:19] [WARN] Auth failed: bad password for 'admin'
[2026-06-09 16:29:19] [INFO] Week 11 self-check PASSED.
[2026-06-09 16:29:19] [WARN] Auth failed: unknown user 'no_such_user'
[2026-06-09 16:29:19] [WARN] Auth failed: bad password for 'admin'
[2026-06-09 16:29:19] [INFO] Week 13 boundary check PASSED.
[2026-06-09 16:29:19] [INFO] EduSys shutdown normally (self-test).
[2026-06-09 16:45:40] [INFO] EduSys starting up (mode=self-test).
[2026-06-09 16:45:40] [INFO] Existing data files detected -> loading persisted data without demo refill.
[2026-06-09 16:45:40] [INFO] Auth OK: 'admin'
[2026-06-09 16:45:40] [WARN] Auth failed: bad password for 'admin'
[2026-06-09 16:45:40] [INFO] Week 11 self-check PASSED.
[2026-06-09 16:45:40] [WARN] Auth failed: unknown user 'no_such_user'
[2026-06-09 16:45:40] [WARN] Auth failed: bad password for 'admin'
[2026-06-09 16:45:40] [INFO] Week 13 boundary check PASSED.
[2026-06-09 16:45:40] [INFO] EduSys shutdown normally (self-test).
[2026-06-09 20:42:35] [INFO] EduSys starting up (mode=self-test).
[2026-06-09 20:42:35] [INFO] Existing data files detected -> loading persisted data without demo refill.
[2026-06-09 20:42:35] [INFO] Auth OK: 'admin'
[2026-06-09 20:42:35] [WARN] Auth failed: bad password for 'admin'
[2026-06-09 20:42:35] [INFO] Week 11 self-check PASSED.
[2026-06-09 20:42:35] [WARN] Auth failed: unknown user 'no_such_user'
[2026-06-09 20:42:35] [WARN] Auth failed: bad password for 'admin'
[2026-06-09 20:42:35] [INFO] Week 13 boundary check PASSED.
[2026-06-09 20:42:35] [INFO] EduSys shutdown normally (self-test).
[2026-06-17 11:46:02] [INFO] EduSys starting up (mode=interactive).
[2026-06-17 11:46:02] [INFO] Existing data files detected -> loading persisted data without demo refill.
[2026-06-17 11:46:07] [INFO] Auth OK: 'admin'
